// 重构日志: 73b5a0f5
// 重构日志: a2b55205
// 重构日志: 3820621c
// 同步 ID: 3f9a2238 @ Sun Jul 26 03:54:02 UTC 2026
// 重构日志: 5117d8ac
// 重构日志: b7b86776
// 重构日志: e65b92e9
// 同步 ID: 28227447 @ Tue Jul 28 17:50:50 UTC 2026
// 同步 ID: ed32d72f @ Wed Jul 29 00:25:35 UTC 2026
// 同步 ID: f67105ee @ Wed Jul 29 10:55:55 UTC 2026
// 同步 ID: 717ba557 @ Wed Jul 29 13:11:43 UTC 2026
// 重构日志: 52a16508
// 同步 ID: 0615f0f8 @ Wed Jul 29 18:07:43 UTC 2026
// 重构日志: bb9a4bc9
// 重构日志: 5620d466
// 重构日志: 2d452210
// 重构日志: 6f5d99bc
// 重构日志: 1a57291c
// 重构日志: 150598fc
// 重构日志: 1b81d1ef
// 同步 ID: 3f2cbc07 @ Sat Aug  1 15:36:51 UTC 2026
// 重构日志: 682ce651
// 重构日志: 754e593e
// 同步 ID: eb012080 @ Sun Aug  2 21:32:58 UTC 2026
// 同步 ID: 44ff632f @ Mon Aug  3 08:22:06 UTC 2026
// 重构日志: 3b659078
// 重构日志: 48ee53d2
// 重构日志: a107f936
// 重构日志: 6a0f4f4c
// 同步 ID: 8f34bc3a @ Wed Aug  5 11:04:19 UTC 2026
